main.c:779:13:MX_GPIO_Init	64	static
main.c:536:13:MX_I2C1_Init	16	static
main.c:582:13:MX_RTC_Init	48	static
main.c:661:13:MX_TIM3_Init	72	static
main.c:720:13:MX_TIM4_Init	72	static
main.c:135:6:HAL_SYSTICK_Callback	0	static
main.c:473:6:SystemClock_Config	224	static
main.c:813:6:set_time	48	static
main.c:845:6:set_alarm	56	static
main.c:869:6:get_time	48	static
main.c:885:6:get_alarm	56	static
main.c:894:6:sakri_worldclock_stop_watch	8	static
main.c:938:6:sakri_alarm_stopwatch	8	static
main.c:983:6:sakri_alarm_worldclock	8	static
main.c:1027:6:set_time_to_edit_boxes	104	static
main.c:1073:6:set_time_to_edit_box	56	static
main.c:1089:6:set_satiPlus_to_edit_box	24	static
main.c:1107:6:set_satiMinus_to_edit_box	24	static
main.c:1126:6:set_minutiPlus_to_edit_box	24	static
main.c:1143:6:set_minutiMinus_to_edit_box	24	static
main.c:1160:6:HAL_RTC_AlarmAEventCallback	0	static
main.c:1169:6:upis	64	static
main.c:1186:6:upis_alarm	40	static
main.c:1201:6:upis_stoperica	32	static
main.c:1221:6:prolazno_vrijeme	32	static
main.c:1234:6:upis_stoperica2	32	static
main.c:1254:6:upis_reset	32	static
main.c:1290:6:set_buzzer	4	static
main.c:145:5:main	112	static
main.c:1304:6:Error_Handler	0	static
